Archive member included to satisfy reference by file (symbol)

/opt/MounRiver_Studio_Community_Linux_x64_V120/MRS_Community/toolchain/RISC-V Embedded GCC/bin/../lib/gcc/riscv-none-embed/8.2.0/../../../../riscv-none-embed/lib/rv32imac/ilp32/libg_nano.a(lib_a-printf.o)
                              ./User/Main.o (printf)
/opt/MounRiver_Studio_Community_Linux_x64_V120/MRS_Community/toolchain/RISC-V Embedded GCC/bin/../lib/gcc/riscv-none-embed/8.2.0/../../../../riscv-none-embed/lib/rv32imac/ilp32/libg_nano.a(lib_a-puts.o)
                              ./User/Main.o (puts)
/opt/MounRiver_Studio_Community_Linux_x64_V120/MRS_Community/toolchain/RISC-V Embedded GCC/bin/../lib/gcc/riscv-none-embed/8.2.0/../../../../riscv-none-embed/lib/rv32imac/ilp32/libg_nano.a(lib_a-wbuf.o)
                              /opt/MounRiver_Studio_Community_Linux_x64_V120/MRS_Community/toolchain/RISC-V Embedded GCC/bin/../lib/gcc/riscv-none-embed/8.2.0/../../../../riscv-none-embed/lib/rv32imac/ilp32/libg_nano.a(lib_a-puts.o) (__swbuf_r)
/opt/MounRiver_Studio_Community_Linux_x64_V120/MRS_Community/toolchain/RISC-V Embedded GCC/bin/../lib/gcc/riscv-none-embed/8.2.0/../../../../riscv-none-embed/lib/rv32imac/ilp32/libg_nano.a(lib_a-wsetup.o)
                              /opt/MounRiver_Studio_Community_Linux_x64_V120/MRS_Community/toolchain/RISC-V Embedded GCC/bin/../lib/gcc/riscv-none-embed/8.2.0/../../../../riscv-none-embed/lib/rv32imac/ilp32/libg_nano.a(lib_a-puts.o) (__swsetup_r)
/opt/MounRiver_Studio_Community_Linux_x64_V120/MRS_Community/toolchain/RISC-V Embedded GCC/bin/../lib/gcc/riscv-none-embed/8.2.0/../../../../riscv-none-embed/lib/rv32imac/ilp32/libg_nano.a(lib_a-fflush.o)
                              /opt/MounRiver_Studio_Community_Linux_x64_V120/MRS_Community/toolchain/RISC-V Embedded GCC/bin/../lib/gcc/riscv-none-embed/8.2.0/../../../../riscv-none-embed/lib/rv32imac/ilp32/libg_nano.a(lib_a-wbuf.o) (_fflush_r)
/opt/MounRiver_Studio_Community_Linux_x64_V120/MRS_Community/toolchain/RISC-V Embedded GCC/bin/../lib/gcc/riscv-none-embed/8.2.0/../../../../riscv-none-embed/lib/rv32imac/ilp32/libg_nano.a(lib_a-findfp.o)
                              /opt/MounRiver_Studio_Community_Linux_x64_V120/MRS_Community/toolchain/RISC-V Embedded GCC/bin/../lib/gcc/riscv-none-embed/8.2.0/../../../../riscv-none-embed/lib/rv32imac/ilp32/libg_nano.a(lib_a-printf.o) (__sinit)
/opt/MounRiver_Studio_Community_Linux_x64_V120/MRS_Community/toolchain/RISC-V Embedded GCC/bin/../lib/gcc/riscv-none-embed/8.2.0/../../../../riscv-none-embed/lib/rv32imac/ilp32/libg_nano.a(lib_a-fwalk.o)
                              /opt/MounRiver_Studio_Community_Linux_x64_V120/MRS_Community/toolchain/RISC-V Embedded GCC/bin/../lib/gcc/riscv-none-embed/8.2.0/../../../../riscv-none-embed/lib/rv32imac/ilp32/libg_nano.a(lib_a-findfp.o) (_fwalk)
/opt/MounRiver_Studio_Community_Linux_x64_V120/MRS_Community/toolchain/RISC-V Embedded GCC/bin/../lib/gcc/riscv-none-embed/8.2.0/../../../../riscv-none-embed/lib/rv32imac/ilp32/libg_nano.a(lib_a-impure.o)
                              /opt/MounRiver_Studio_Community_Linux_x64_V120/MRS_Community/toolchain/RISC-V Embedded GCC/bin/../lib/gcc/riscv-none-embed/8.2.0/../../../../riscv-none-embed/lib/rv32imac/ilp32/libg_nano.a(lib_a-fflush.o) (_global_impure_ptr)
/opt/MounRiver_Studio_Community_Linux_x64_V120/MRS_Community/toolchain/RISC-V Embedded GCC/bin/../lib/gcc/riscv-none-embed/8.2.0/../../../../riscv-none-embed/lib/rv32imac/ilp32/libg_nano.a(lib_a-makebuf.o)
                              /opt/MounRiver_Studio_Community_Linux_x64_V120/MRS_Community/toolchain/RISC-V Embedded GCC/bin/../lib/gcc/riscv-none-embed/8.2.0/../../../../riscv-none-embed/lib/rv32imac/ilp32/libg_nano.a(lib_a-wsetup.o) (__smakebuf_r)
/opt/MounRiver_Studio_Community_Linux_x64_V120/MRS_Community/toolchain/RISC-V Embedded GCC/bin/../lib/gcc/riscv-none-embed/8.2.0/../../../../riscv-none-embed/lib/rv32imac/ilp32/libg_nano.a(lib_a-memset.o)
                              /opt/MounRiver_Studio_Community_Linux_x64_V120/MRS_Community/toolchain/RISC-V Embedded GCC/bin/../lib/gcc/riscv-none-embed/8.2.0/../../../../riscv-none-embed/lib/rv32imac/ilp32/libg_nano.a(lib_a-findfp.o) (memset)
/opt/MounRiver_Studio_Community_Linux_x64_V120/MRS_Community/toolchain/RISC-V Embedded GCC/bin/../lib/gcc/riscv-none-embed/8.2.0/../../../../riscv-none-embed/lib/rv32imac/ilp32/libg_nano.a(lib_a-nano-freer.o)
                              /opt/MounRiver_Studio_Community_Linux_x64_V120/MRS_Community/toolchain/RISC-V Embedded GCC/bin/../lib/gcc/riscv-none-embed/8.2.0/../../../../riscv-none-embed/lib/rv32imac/ilp32/libg_nano.a(lib_a-wsetup.o) (_free_r)
/opt/MounRiver_Studio_Community_Linux_x64_V120/MRS_Community/toolchain/RISC-V Embedded GCC/bin/../lib/gcc/riscv-none-embed/8.2.0/../../../../riscv-none-embed/lib/rv32imac/ilp32/libg_nano.a(lib_a-nano-mallocr.o)
[...]
Memory Configuration

Name             Origin             Length             Attributes
FLASH            0x0000000000000000 0x0000000000070000 xr
RAM              0x0000000020000000 0x0000000000004000 xrw
RAMX             0x0000000020020000 0x0000000000008000 xrw
*default*        0x0000000000000000 0xffffffffffffffff

Linker script and memory map

LOAD ./User/Main.o
LOAD ./Startup/startup_CH56x.o
LOAD ./RVMSIS/core_riscv.o
LOAD ./Peripheral/src/CH56x_bus8.o
LOAD ./Peripheral/src/CH56x_clk.o
LOAD ./Peripheral/src/CH56x_dvp.o
LOAD ./Peripheral/src/CH56x_ecdc.o
LOAD ./Peripheral/src/CH56x_emmc.o
LOAD ./Peripheral/src/CH56x_gpio.o
LOAD ./Peripheral/src/CH56x_hspi.o
LOAD ./Peripheral/src/CH56x_pwm.o
LOAD ./Peripheral/src/CH56x_pwr.o
LOAD ./Peripheral/src/CH56x_spi.o
LOAD ./Peripheral/src/CH56x_sys.o
LOAD ./Peripheral/src/CH56x_timer.o
LOAD ./Peripheral/src/CH56x_uart.o
LOAD /opt/MounRiver_Studio_Community_Linux_x64_V120/MRS_Community/toolchain/RISC-V Embedded GCC/bin/../lib/gcc/riscv-none-embed/8.2.0/rv32imac/ilp32/libgcc.a
LOAD /opt/MounRiver_Studio_Community_Linux_x64_V120/MRS_Community/toolchain/RISC-V Embedded GCC/bin/../lib/gcc/riscv-none-embed/8.2.0/../../../../riscv-none-embed/lib/rv32imac/ilp32/libg_nano.a
LOAD /opt/MounRiver_Studio_Community_Linux_x64_V120/MRS_Community/toolchain/RISC-V Embedded GCC/bin/../lib/gcc/riscv-none-embed/8.2.0/../../../../riscv-none-embed/lib/rv32imac/ilp32/libc_nano.a
LOAD /opt/MounRiver_Studio_Community_Linux_x64_V120/MRS_Community/toolchain/RISC-V Embedded GCC/bin/../lib/gcc/riscv-none-embed/8.2.0/rv32imac/ilp32/libgcc.a
START GROUP
LOAD /opt/MounRiver_Studio_Community_Linux_x64_V120/MRS_Community/toolchain/RISC-V Embedded GCC/bin/../lib/gcc/riscv-none-embed/8.2.0/rv32imac/ilp32/libgcc.a
LOAD /opt/MounRiver_Studio_Community_Linux_x64_V120/MRS_Community/toolchain/RISC-V Embedded GCC/bin/../lib/gcc/riscv-none-embed/8.2.0/../../../../riscv-none-embed/lib/rv32imac/ilp32/libc_nano.a
LOAD /opt/MounRiver_Studio_Community_Linux_x64_V120/MRS_Community/toolchain/RISC-V Embedded GCC/bin/../lib/gcc/riscv-none-embed/8.2.0/../../../../riscv-none-embed/lib/rv32imac/ilp32/libnosys.a
END GROUP
START GROUP
LOAD /opt/MounRiver_Studio_Community_Linux_x64_V120/MRS_Community/toolchain/RISC-V Embedded GCC/bin/../lib/gcc/riscv-none-embed/8.2.0/rv32imac/ilp32/libgcc.a
LOAD /opt/MounRiver_Studio_Community_Linux_x64_V120/MRS_Community/toolchain/RISC-V Embedded GCC/bin/../lib/gcc/riscv-none-embed/8.2.0/../../../../riscv-none-embed/lib/rv32imac/ilp32/libc_nano.a
LOAD /opt/MounRiver_Studio_Community_Linux_x64_V120/MRS_Community/toolchain/RISC-V Embedded GCC/bin/../lib/gcc/riscv-none-embed/8.2.0/../../../../riscv-none-embed/lib/rv32imac/ilp32/libnosys.a
END GROUP
                0x0000000000000800                __stack_size = 0x800
                [!provide]                        PROVIDE (_stack_size = __stack_size)

.init           0x0000000000000000        0x4
                0x0000000000000000                _sinit = .
                0x0000000000000000                . = ALIGN (0x4)
 *(SORT_NONE(.init))
 .init          0x0000000000000000        0x4 ./Startup/startup_CH56x.o
                0x0000000000000000                _start
                0x0000000000000004                . = ALIGN (0x4)
                0x0000000000000004                _einit = .

.vector         0x0000000000000004       0xbc
 *(.vector)
 .vector        0x0000000000000004       0x94 ./Startup/startup_CH56x.o
                0x00000000000000c0                . = ALIGN (0x40)
 *fill*         0x0000000000000098       0x28 

.text           0x00000000000000c0     0x1a64
                0x00000000000000c0                . = ALIGN (0x4)
 *(.text)
 .text          0x00000000000000c0       0xa8 /opt/MounRiver_Studio_Community_Linux_x64_V120/MRS_Community/toolchain/RISC-V Embedded GCC/bin/../lib/gcc/riscv-none-embed/8.2.0/../../../../riscv-none-embed/lib/rv32imac/ilp32/libg_nano.a(lib_a-memset.o)
                0x00000000000000c0                memset
 *(.text.*)
 .text.DebugInit
                0x0000000000000168       0x52 ./User/Main.o
                0x0000000000000168                DebugInit
 .text.HSPI_GPIO_Init
                0x00000000000001ba       0x28 ./User/Main.o
                0x00000000000001ba                HSPI_GPIO_Init
 .text.HSPI_Init
                0x00000000000001e2      0x10e ./User/Main.o
                0x00000000000001e2                HSPI_Init
 .text.startup.main
                0x00000000000002f0       0xd4 ./User/Main.o
                0x00000000000002f0                main
 .text.HSPI_IRQHandler
                0x00000000000003c4       0x8c ./User/Main.o
                0x00000000000003c4                HSPI_IRQHandler
 .text.vector_handler
                0x0000000000000450       0x32 ./Startup/startup_CH56x.o
                0x0000000000000450                NMI_Handler
                0x0000000000000452                HardFault_Handler
                0x0000000000000454                SysTick_Handler
                0x0000000000000456                SW_Handler
                0x0000000000000458                WDOG_IRQHandler
                0x000000000000045a                TMR0_IRQHandler
                0x000000000000045c                GPIO_IRQHandler
                0x000000000000045e                SPI0_IRQHandler
                0x0000000000000460                USBSS_IRQHandler
                0x0000000000000462                LINK_IRQHandler
                0x0000000000000464                TMR1_IRQHandler
                0x0000000000000466                TMR2_IRQHandler
                0x0000000000000468                UART0_IRQHandler
                0x000000000000046a                USBHS_IRQHandler
                0x000000000000046c                EMMC_IRQHandler
                0x000000000000046e                DVP_IRQHandler
                0x0000000000000472                SPI1_IRQHandler
                0x0000000000000474                UART1_IRQHandler
                0x0000000000000476                UART2_IRQHandler
                0x0000000000000478                UART3_IRQHandler
                0x000000000000047a                SERDES_IRQHandler
                0x000000000000047c                ETH_IRQHandler
                0x000000000000047e                PMT_IRQHandler
                0x0000000000000480                ECDC_IRQHandler
 .text.handle_reset
                0x0000000000000482       0x98 ./Startup/startup_CH56x.o
                0x0000000000000482                handle_reset
 .text.SystemInit
                0x000000000000051a       0xfa ./Peripheral/src/CH56x_clk.o
                0x000000000000051a                SystemInit
 .text.GPIOB_ModeCfg
                0x0000000000000614      0x114 ./Peripheral/src/CH56x_gpio.o
                0x0000000000000614                GPIOB_ModeCfg
 .text.Delay_Init
                0x0000000000000728       0x2a ./Peripheral/src/CH56x_sys.o
                0x0000000000000728                Delay_Init
 .text.mDelaymS
                0x0000000000000752       0x2e ./Peripheral/src/CH56x_sys.o
                0x0000000000000752                mDelaymS
 .text._write   0x0000000000000780       0x28 ./Peripheral/src/CH56x_sys.o
                0x0000000000000780                _write
 .text.printf   0x00000000000007a8       0x44 /opt/MounRiver_Studio_Community_Linux_x64_V120/MRS_Community/toolchain/RISC-V Embedded GCC/bin/../lib/gcc/riscv-none-embed/8.2.0/../../../../riscv-none-embed/lib/rv32imac/ilp32/libg_nano.a(lib_a-printf.o)
                0x00000000000007a8                printf
                0x00000000000007a8                iprintf
 .text._puts_r  0x00000000000007ec       0xda /opt/MounRiver_Studio_Community_Linux_x64_V120/MRS_Community/toolchain/RISC-V Embedded GCC/bin/../lib/gcc/riscv-none-embed/8.2.0/../../../../riscv-none-embed/lib/rv32imac/ilp32/libg_nano.a(lib_a-puts.o)
                0x00000000000007ec                _puts_r
 .text.puts     0x00000000000008c6        0xe /opt/MounRiver_Studio_Community_Linux_x64_V120/MRS_Community/toolchain/RISC-V Embedded GCC/bin/../lib/gcc/riscv-none-embed/8.2.0/../../../../riscv-none-embed/lib/rv32imac/ilp32/libg_nano.a(lib_a-puts.o)
                0x00000000000008c6                puts
 .text.__swbuf_r
                0x00000000000008d4       0xc0 /opt/MounRiver_Studio_Community_Linux_x64_V120/MRS_Community/toolchain/RISC-V Embedded GCC/bin/../lib/gcc/riscv-none-embed/8.2.0/../../../../riscv-none-embed/lib/rv32imac/ilp32/libg_nano.a(lib_a-wbuf.o)
                0x00000000000008d4                __swbuf_r
 .text.__swsetup_r
                0x0000000000000994      0x110 /opt/MounRiver_Studio_Community_Linux_x64_V120/MRS_Community/toolchain/RISC-V Embedded GCC/bin/../lib/gcc/riscv-none-embed/8.2.0/../../../../riscv-none-embed/lib/rv32imac/ilp32/libg_nano.a(lib_a-wsetup.o)
                0x0000000000000994                __swsetup_r
 .text.__sflush_r
                0x0000000000000aa4      0x13c /opt/MounRiver_Studio_Community_Linux_x64_V120/MRS_Community/toolchain/RISC-V Embedded GCC/bin/../lib/gcc/riscv-none-embed/8.2.0/../../../../riscv-none-embed/lib/rv32imac/ilp32/libg_nano.a(lib_a-fflush.o)
                0x0000000000000aa4                __sflush_r
 .text._fflush_r
                0x0000000000000be0       0x64 /opt/MounRiver_Studio_Community_Linux_x64_V120/MRS_Community/toolchain/RISC-V Embedded GCC/bin/../lib/gcc/riscv-none-embed/8.2.0/../../../../riscv-none-embed/lib/rv32imac/ilp32/libg_nano.a(lib_a-fflush.o)
                0x0000000000000be0                _fflush_r
 .text.std      0x0000000000000c44       0x6a /opt/MounRiver_Studio_Community_Linux_x64_V120/MRS_Community/toolchain/RISC-V Embedded GCC/bin/../lib/gcc/riscv-none-embed/8.2.0/../../../../riscv-none-embed/lib/rv32imac/ilp32/libg_nano.a(lib_a-findfp.o)
 .text._cleanup_r
                0x0000000000000cae        0xa /opt/MounRiver_Studio_Community_Linux_x64_V120/MRS_Community/toolchain/RISC-V Embedded GCC/bin/../lib/gcc/riscv-none-embed/8.2.0/../../../../riscv-none-embed/lib/rv32imac/ilp32/libg_nano.a(lib_a-findfp.o)
                0x0000000000000cae                _cleanup_r
 .text.__sfmoreglue
                0x0000000000000cb8       0x46 /opt/MounRiver_Studio_Community_Linux_x64_V120/MRS_Community/toolchain/RISC-V Embedded GCC/bin/../lib/gcc/riscv-none-embed/8.2.0/../../../../riscv-none-embed/lib/rv32imac/ilp32/libg_nano.a(lib_a-findfp.o)
                0x0000000000000cb8                __sfmoreglue
 .text.__sinit  0x0000000000000cfe       0x6a /opt/MounRiver_Studio_Community_Linux_x64_V120/MRS_Community/toolchain/RISC-V Embedded GCC/bin/../lib/gcc/riscv-none-embed/8.2.0/../../../../riscv-none-embed/lib/rv32imac/ilp32/libg_nano.a(lib_a-findfp.o)
                0x0000000000000cfe                __sinit
 .text.__sfp    0x0000000000000d68       0xa0 /opt/MounRiver_Studio_Community_Linux_x64_V120/MRS_Community/toolchain/RISC-V Embedded GCC/bin/../lib/gcc/riscv-none-embed/8.2.0/../../../../riscv-none-embed/lib/rv32imac/ilp32/libg_nano.a(lib_a-findfp.o)
                0x0000000000000d68                __sfp
 .text._fwalk_reent
                0x0000000000000e08       0x6c /opt/MounRiver_Studio_Community_Linux_x64_V120/MRS_Community/toolchain/RISC-V Embedded GCC/bin/../lib/gcc/riscv-none-embed/8.2.0/../../../../riscv-none-embed/lib/rv32imac/ilp32/libg_nano.a(lib_a-fwalk.o)
                0x0000000000000e08                _fwalk_reent
 .text.__swhatbuf_r
                0x0000000000000e74       0x5a /opt/MounRiver_Studio_Community_Linux_x64_V120/MRS_Community/toolchain/RISC-V Embedded GCC/bin/../lib/gcc/riscv-none-embed/8.2.0/../../../../riscv-none-embed/lib/rv32imac/ilp32/libg_nano.a(lib_a-makebuf.o)
                0x0000000000000e74                __swhatbuf_r
 .text.__smakebuf_r
                0x0000000000000ece       0x9e /opt/MounRiver_Studio_Community_Linux_x64_V120/MRS_Community/toolchain/RISC-V Embedded GCC/bin/../lib/gcc/riscv-none-embed/8.2.0/../../../../riscv-none-embed/lib/rv32imac/ilp32/libg_nano.a(lib_a-makebuf.o)
                0x0000000000000ece                __smakebuf_r
 .text._free_r  0x0000000000000f6c       0xb0 /opt/MounRiver_Studio_Community_Linux_x64_V120/MRS_Community/toolchain/RISC-V Embedded GCC/bin/../lib/gcc/riscv-none-embed/8.2.0/../../../../riscv-none-embed/lib/rv32imac/ilp32/libg_nano.a(lib_a-nano-freer.o)
                0x0000000000000f6c                _free_r
 .text._malloc_r
                0x000000000000101c       0xd4 /opt/MounRiver_Studio_Community_Linux_x64_V120/MRS_Community/toolchain/RISC-V Embedded GCC/bin/../lib/gcc/riscv-none-embed/8.2.0/../../../../riscv-none-embed/lib/rv32imac/ilp32/libg_nano.a(lib_a-nano-mallocr.o)
                0x000000000000101c                _malloc_r
 .text.__sfputc_r
                0x00000000000010f0       0x2a /opt/MounRiver_Studio_Community_Linux_x64_V120/MRS_Community/toolchain/RISC-V Embedded GCC/bin/../lib/gcc/riscv-none-embed/8.2.0/../../../../riscv-none-embed/lib/rv32imac/ilp32/libg_nano.a(lib_a-nano-vfprintf.o)
 .text.__sfputs_r
                0x000000000000111a       0x42 /opt/MounRiver_Studio_Community_Linux_x64_V120/MRS_Community/toolchain/RISC-V Embedded GCC/bin/../lib/gcc/riscv-none-embed/8.2.0/../../../../riscv-none-embed/lib/rv32imac/ilp32/libg_nano.a(lib_a-nano-vfprintf.o)
                0x000000000000111a                __sfputs_r
 .text._vfprintf_r
                0x000000000000115c      0x298 /opt/MounRiver_Studio_Community_Linux_x64_V120/MRS_Community/toolchain/RISC-V Embedded GCC/bin/../lib/gcc/riscv-none-embed/8.2.0/../../../../riscv-none-embed/lib/rv32imac/ilp32/libg_nano.a(lib_a-nano-vfprintf.o)
                0x000000000000115c                _vfiprintf_r
                0x000000000000115c                _vfprintf_r
 .text._printf_common
                0x00000000000013f4      0x10c /opt/MounRiver_Studio_Community_Linux_x64_V120/MRS_Community/toolchain/RISC-V Embedded GCC/bin/../lib/gcc/riscv-none-embed/8.2.0/../../../../riscv-none-embed/lib/rv32imac/ilp32/libg_nano.a(lib_a-nano-vfprintf_i.o)
                0x00000000000013f4                _printf_common
 .text._printf_i
                0x0000000000001500      0x2a8 /opt/MounRiver_Studio_Community_Linux_x64_V120/MRS_Community/toolchain/RISC-V Embedded GCC/bin/../lib/gcc/riscv-none-embed/8.2.0/../../../../riscv-none-embed/lib/rv32imac/ilp32/libg_nano.a(lib_a-nano-vfprintf_i.o)
                0x0000000000001500                _printf_i
 .text._sbrk_r  0x00000000000017a8       0x28 /opt/MounRiver_Studio_Community_Linux_x64_V120/MRS_Community/toolchain/RISC-V Embedded GCC/bin/../lib/gcc/riscv-none-embed/8.2.0/../../../../riscv-none-embed/lib/rv32imac/ilp32/libg_nano.a(lib_a-sbrkr.o)
                0x00000000000017a8                _sbrk_r
 .text.__sread  0x00000000000017d0       0x30 /opt/MounRiver_Studio_Community_Linux_x64_V120/MRS_Community/toolchain/RISC-V Embedded GCC/bin/../lib/gcc/riscv-none-embed/8.2.0/../../../../riscv-none-embed/lib/rv32imac/ilp32/libg_nano.a(lib_a-stdio.o)
                0x00000000000017d0                __sread
 .text.__swrite
                0x0000000000001800       0x4e /opt/MounRiver_Studio_Community_Linux_x64_V120/MRS_Community/toolchain/RISC-V Embedded GCC/bin/../lib/gcc/riscv-none-embed/8.2.0/../../../../riscv-none-embed/lib/rv32imac/ilp32/libg_nano.a(lib_a-stdio.o)
                0x0000000000001800                __swrite
 .text.__sseek  0x000000000000184e       0x36 /opt/MounRiver_Studio_Community_Linux_x64_V120/MRS_Community/toolchain/RISC-V Embedded GCC/bin/../lib/gcc/riscv-none-embed/8.2.0/../../../../riscv-none-embed/lib/rv32imac/ilp32/libg_nano.a(lib_a-stdio.o)
                0x000000000000184e                __sseek
 .text.__sclose
                0x0000000000001884        0x6 /opt/MounRiver_Studio_Community_Linux_x64_V120/MRS_Community/toolchain/RISC-V Embedded GCC/bin/../lib/gcc/riscv-none-embed/8.2.0/../../../../riscv-none-embed/lib/rv32imac/ilp32/libg_nano.a(lib_a-stdio.o)
                0x0000000000001884                __sclose
 .text._write_r
                0x000000000000188a       0x2e /opt/MounRiver_Studio_Community_Linux_x64_V120/MRS_Community/toolchain/RISC-V Embedded GCC/bin/../lib/gcc/riscv-none-embed/8.2.0/../../../../riscv-none-embed/lib/rv32imac/ilp32/libg_nano.a(lib_a-writer.o)
                0x000000000000188a                _write_r
 .text._close_r
                0x00000000000018b8       0x28 /opt/MounRiver_Studio_Community_Linux_x64_V120/MRS_Community/toolchain/RISC-V Embedded GCC/bin/../lib/gcc/riscv-none-embed/8.2.0/../../../../riscv-none-embed/lib/rv32imac/ilp32/libg_nano.a(lib_a-closer.o)
                0x00000000000018b8                _close_r
 .text._fstat_r
                0x00000000000018e0       0x2a /opt/MounRiver_Studio_Community_Linux_x64_V120/MRS_Community/toolchain/RISC-V Embedded GCC/bin/../lib/gcc/riscv-none-embed/8.2.0/../../../../riscv-none-embed/lib/rv32imac/ilp32/libg_nano.a(lib_a-fstatr.o)
                0x00000000000018e0                _fstat_r
 .text._isatty_r
                0x000000000000190a       0x28 /opt/MounRiver_Studio_Community_Linux_x64_V120/MRS_Community/toolchain/RISC-V Embedded GCC/bin/../lib/gcc/riscv-none-embed/8.2.0/../../../../riscv-none-embed/lib/rv32imac/ilp32/libg_nano.a(lib_a-isattyr.o)
                0x000000000000190a                _isatty_r
 .text._lseek_r
                0x0000000000001932       0x2c /opt/MounRiver_Studio_Community_Linux_x64_V120/MRS_Community/toolchain/RISC-V Embedded GCC/bin/../lib/gcc/riscv-none-embed/8.2.0/../../../../riscv-none-embed/lib/rv32imac/ilp32/libg_nano.a(lib_a-lseekr.o)
                0x0000000000001932                _lseek_r
 .text.memchr   0x000000000000195e       0x1a /opt/MounRiver_Studio_Community_Linux_x64_V120/MRS_Community/toolchain/RISC-V Embedded GCC/bin/../lib/gcc/riscv-none-embed/8.2.0/../../../../riscv-none-embed/lib/rv32imac/ilp32/libg_nano.a(lib_a-memchr.o)
                0x000000000000195e                memchr
 .text.__malloc_lock
                0x0000000000001978        0x2 /opt/MounRiver_Studio_Community_Linux_x64_V120/MRS_Community/toolchain/RISC-V Embedded GCC/bin/../lib/gcc/riscv-none-embed/8.2.0/../../../../riscv-none-embed/lib/rv32imac/ilp32/libg_nano.a(lib_a-mlock.o)
                0x0000000000001978                __malloc_lock
 .text.__malloc_unlock
                0x000000000000197a        0x2 /opt/MounRiver_Studio_Community_Linux_x64_V120/MRS_Community/toolchain/RISC-V Embedded GCC/bin/../lib/gcc/riscv-none-embed/8.2.0/../../../../riscv-none-embed/lib/rv32imac/ilp32/libg_nano.a(lib_a-mlock.o)
                0x000000000000197a                __malloc_unlock
 .text._read_r  0x000000000000197c       0x2c /opt/MounRiver_Studio_Community_Linux_x64_V120/MRS_Community/toolchain/RISC-V Embedded GCC/bin/../lib/gcc/riscv-none-embed/8.2.0/../../../../riscv-none-embed/lib/rv32imac/ilp32/libg_nano.a(lib_a-readr.o)
                0x000000000000197c                _read_r
 .text._close   0x00000000000019a8        0xc /opt/MounRiver_Studio_Community_Linux_x64_V120/MRS_Community/toolchain/RISC-V Embedded GCC/bin/../lib/gcc/riscv-none-embed/8.2.0/../../../../riscv-none-embed/lib/rv32imac/ilp32/libnosys.a(close.o)
                0x00000000000019a8                _close
 .text._fstat   0x00000000000019b4        0xc /opt/MounRiver_Studio_Community_Linux_x64_V120/MRS_Community/toolchain/RISC-V Embedded GCC/bin/../lib/gcc/riscv-none-embed/8.2.0/../../../../riscv-none-embed/lib/rv32imac/ilp32/libnosys.a(fstat.o)
                0x00000000000019b4                _fstat
 .text._isatty  0x00000000000019c0        0xc /opt/MounRiver_Studio_Community_Linux_x64_V120/MRS_Community/toolchain/RISC-V Embedded GCC/bin/../lib/gcc/riscv-none-embed/8.2.0/../../../../riscv-none-embed/lib/rv32imac/ilp32/libnosys.a(isatty.o)
                0x00000000000019c0                _isatty
 .text._lseek   0x00000000000019cc        0xc /opt/MounRiver_Studio_Community_Linux_x64_V120/MRS_Community/toolchain/RISC-V Embedded GCC/bin/../lib/gcc/riscv-none-embed/8.2.0/../../../../riscv-none-embed/lib/rv32imac/ilp32/libnosys.a(lseek.o)
                0x00000000000019cc                _lseek
 .text._read    0x00000000000019d8        0xc /opt/MounRiver_Studio_Community_Linux_x64_V120/MRS_Community/toolchain/RISC-V Embedded GCC/bin/../lib/gcc/riscv-none-embed/8.2.0/../../../../riscv-none-embed/lib/rv32imac/ilp32/libnosys.a(read.o)
                0x00000000000019d8                _read
 .text._sbrk    0x00000000000019e4       0x20 /opt/MounRiver_Studio_Community_Linux_x64_V120/MRS_Community/toolchain/RISC-V Embedded GCC/bin/../lib/gcc/riscv-none-embed/8.2.0/../../../../riscv-none-embed/lib/rv32imac/ilp32/libnosys.a(sbrk.o)
                0x00000000000019e4                _sbrk
 *(.rodata)
 *(.rodata*)
 *fill*         0x0000000000001a04        0x0 
 .rodata.HSPI_Init.str1.4
                0x0000000000001a04       0x11 ./User/Main.o
 *fill*         0x0000000000001a15        0x3 
 .rodata.main.str1.4
                0x0000000000001a18       0x44 ./User/Main.o
 .rodata.GPIOB_ModeCfg
                0x0000000000001a5c       0x2c ./Peripheral/src/CH56x_gpio.o
 .rodata.__sf_fake_stderr
                0x0000000000001a88       0x20 /opt/MounRiver_Studio_Community_Linux_x64_V120/MRS_Community/toolchain/RISC-V Embedded GCC/bin/../lib/gcc/riscv-none-embed/8.2.0/../../../../riscv-none-embed/lib/rv32imac/ilp32/libg_nano.a(lib_a-findfp.o)
                0x0000000000001a88                __sf_fake_stderr
 .rodata.__sf_fake_stdin
                0x0000000000001aa8       0x20 /opt/MounRiver_Studio_Community_Linux_x64_V120/MRS_Community/toolchain/RISC-V Embedded GCC/bin/../lib/gcc/riscv-none-embed/8.2.0/../../../../riscv-none-embed/lib/rv32imac/ilp32/libg_nano.a(lib_a-findfp.o)
                0x0000000000001aa8                __sf_fake_stdin
 .rodata.__sf_fake_stdout
                0x0000000000001ac8       0x20 /opt/MounRiver_Studio_Community_Linux_x64_V120/MRS_Community/toolchain/RISC-V Embedded GCC/bin/../lib/gcc/riscv-none-embed/8.2.0/../../../../riscv-none-embed/lib/rv32imac/ilp32/libg_nano.a(lib_a-findfp.o)
                0x0000000000001ac8                __sf_fake_stdout
 .rodata._vfprintf_r.str1.4
                0x0000000000001ae8       0x13 /opt/MounRiver_Studio_Community_Linux_x64_V120/MRS_Community/toolchain/RISC-V Embedded GCC/bin/../lib/gcc/riscv-none-embed/8.2.0/../../../../riscv-none-embed/lib/rv32imac/ilp32/libg_nano.a(lib_a-nano-vfprintf.o)
 *fill*         0x0000000000001afb        0x1 
 .rodata._printf_i.str1.4
                0x0000000000001afc       0x28 /opt/MounRiver_Studio_Community_Linux_x64_V120/MRS_Community/toolchain/RISC-V Embedded GCC/bin/../lib/gcc/riscv-none-embed/8.2.0/../../../../riscv-none-embed/lib/rv32imac/ilp32/libg_nano.a(lib_a-nano-vfprintf_i.o)
                                         0x25 (size before relaxing)
 *(.glue_7)
 *(.glue_7t)
 *(.gnu.linkonce.t.*)
                0x0000000000001b24                . = ALIGN (0x4)

.rela.dyn       0x0000000000001b24        0x0
 .rela.init     0x0000000000001b24        0x0 ./User/Main.o
 .rela.vector   0x0000000000001b24        0x0 ./User/Main.o
 .rela.text.handle_reset
                0x0000000000001b24        0x0 ./User/Main.o
 .rela.text._vfprintf_r
                0x0000000000001b24        0x0 ./User/Main.o
 .rela.text._sbrk_r
                0x0000000000001b24        0x0 ./User/Main.o
 .rela.text._write_r
                0x0000000000001b24        0x0 ./User/Main.o
 .rela.text._close_r
                0x0000000000001b24        0x0 ./User/Main.o
 .rela.text._fstat_r
                0x0000000000001b24        0x0 ./User/Main.o
 .rela.text._isatty_r
                0x0000000000001b24        0x0 ./User/Main.o
 .rela.text._lseek_r
                0x0000000000001b24        0x0 ./User/Main.o
 .rela.text._read_r
                0x0000000000001b24        0x0 ./User/Main.o
 .rela.text._close
                0x0000000000001b24        0x0 ./User/Main.o
 .rela.text._fstat
                0x0000000000001b24        0x0 ./User/Main.o
 .rela.text._isatty
                0x0000000000001b24        0x0 ./User/Main.o
 .rela.text._lseek
                0x0000000000001b24        0x0 ./User/Main.o
 .rela.text._read
                0x0000000000001b24        0x0 ./User/Main.o
 .rela.text._sbrk
                0x0000000000001b24        0x0 ./User/Main.o

.fini           0x0000000000001b24        0x0
 *(SORT_NONE(.fini))
                0x0000000000001b24                . = ALIGN (0x4)
                [!provide]                        PROVIDE (_etext = .)
                [!provide]                        PROVIDE (_eitcm = .)

.preinit_array  0x0000000000001b24        0x0
                [!provide]                        PROVIDE (__preinit_array_start = .)
 *(.preinit_array)
                [!provide]                        PROVIDE (__preinit_array_end = .)

.init_array     0x0000000000001b24        0x0
                [!provide]                        PROVIDE (__init_array_start = .)
 *(SORT_BY_INIT_PRIORITY(.init_array.*) SORT_BY_INIT_PRIORITY(.ctors.*))
 *(.init_array EXCLUDE_FILE(*crtend?.o *crtend.o *crtbegin?.o *crtbegin.o) .ctors)
                [!provide]                        PROVIDE (__init_array_end = .)

.fini_array     0x0000000000001b24        0x0
                [!provide]                        PROVIDE (__fini_array_start = .)
 *(SORT_BY_INIT_PRIORITY(.fini_array.*) SORT_BY_INIT_PRIORITY(.dtors.*))
 *(.fini_array EXCLUDE_FILE(*crtend?.o *crtend.o *crtbegin?.o *crtbegin.o) .dtors)
                [!provide]                        PROVIDE (__fini_array_end = .)

.ctors
 *crtbegin.o(.ctors)
 *crtbegin?.o(.ctors)
 *(EXCLUDE_FILE(*crtend?.o *crtend.o) .ctors)
 *(SORT_BY_NAME(.ctors.*))
 *(.ctors)

.dtors
 *crtbegin.o(.dtors)
 *crtbegin?.o(.dtors)
 *(EXCLUDE_FILE(*crtend?.o *crtend.o) .dtors)
 *(SORT_BY_NAME(.dtors.*))
 *(.dtors)

.dalign         0x0000000020000000        0x0 load address 0x0000000000001b24
                0x0000000020000000                . = ALIGN (0x4)
                0x0000000020000000                PROVIDE (_data_vma = .)

.dlalign        0x0000000000001b24        0x0
                0x0000000000001b24                . = ALIGN (0x4)
                0x0000000000001b24                PROVIDE (_data_lma = .)

.data           0x0000000020000000       0x68 load address 0x0000000000001b24
 *(.gnu.linkonce.r.*)
 *(.data .data.*)
 .data.impure_data
                0x0000000020000000       0x60 /opt/MounRiver_Studio_Community_Linux_x64_V120/MRS_Community/toolchain/RISC-V Embedded GCC/bin/../lib/gcc/riscv-none-embed/8.2.0/../../../../riscv-none-embed/lib/rv32imac/ilp32/libg_nano.a(lib_a-impure.o)
 *(.gnu.linkonce.d.*)
                0x0000000020000060                . = ALIGN (0x8)
                0x0000000020000860                PROVIDE (__global_pointer$ = (. + 0x800))
 *(.sdata .sdata.*)
 .sdata._impure_ptr
                0x0000000020000060        0x4 /opt/MounRiver_Studio_Community_Linux_x64_V120/MRS_Community/toolchain/RISC-V Embedded GCC/bin/../lib/gcc/riscv-none-embed/8.2.0/../../../../riscv-none-embed/lib/rv32imac/ilp32/libg_nano.a(lib_a-impure.o)
                0x0000000020000060                _impure_ptr
 *(.sdata2.*)
 .sdata2._global_impure_ptr
                0x0000000020000064        0x4 /opt/MounRiver_Studio_Community_Linux_x64_V120/MRS_Community/toolchain/RISC-V Embedded GCC/bin/../lib/gcc/riscv-none-embed/8.2.0/../../../../riscv-none-embed/lib/rv32imac/ilp32/libg_nano.a(lib_a-impure.o)
                0x0000000020000064                _global_impure_ptr
 *(.gnu.linkonce.s.*)
                0x0000000020000068                . = ALIGN (0x8)
 *(.srodata.cst16)
 *(.srodata.cst8)
 *(.srodata.cst4)
 *(.srodata.cst2)
 *(.srodata .srodata.*)
                0x0000000020000068                . = ALIGN (0x4)
                0x0000000020000068                PROVIDE (_edata = .)

.bss            0x0000000020000068       0x18 load address 0x0000000000001b8c
                0x0000000020000068                . = ALIGN (0x4)
                0x0000000020000068                PROVIDE (_sbss = .)
 *(.sbss*)
 .sbss.rx_done  0x0000000020000068        0x4 ./User/Main.o
                0x0000000020000068                rx_done
 .sbss.p_ms     0x000000002000006c        0x2 ./Peripheral/src/CH56x_sys.o
 .sbss.p_us     0x000000002000006e        0x1 ./Peripheral/src/CH56x_sys.o
 *fill*         0x000000002000006f        0x1 
 .sbss.__malloc_free_list
                0x0000000020000070        0x4 /opt/MounRiver_Studio_Community_Linux_x64_V120/MRS_Community/toolchain/RISC-V Embedded GCC/bin/../lib/gcc/riscv-none-embed/8.2.0/../../../../riscv-none-embed/lib/rv32imac/ilp32/libg_nano.a(lib_a-nano-mallocr.o)
                0x0000000020000070                __malloc_free_list
 .sbss.__malloc_sbrk_start
                0x0000000020000074        0x4 /opt/MounRiver_Studio_Community_Linux_x64_V120/MRS_Community/toolchain/RISC-V Embedded GCC/bin/../lib/gcc/riscv-none-embed/8.2.0/../../../../riscv-none-embed/lib/rv32imac/ilp32/libg_nano.a(lib_a-nano-mallocr.o)
                0x0000000020000074                __malloc_sbrk_start
 .sbss.heap_end.1518
                0x0000000020000078        0x4 /opt/MounRiver_Studio_Community_Linux_x64_V120/MRS_Community/toolchain/RISC-V Embedded GCC/bin/../lib/gcc/riscv-none-embed/8.2.0/../../../../riscv-none-embed/lib/rv32imac/ilp32/libnosys.a(sbrk.o)
 *(.gnu.linkonce.sb.*)
 *(.bss*)
 *(.gnu.linkonce.b.*)
 *(COMMON*)
 COMMON         0x000000002000007c        0x4 /opt/MounRiver_Studio_Community_Linux_x64_V120/MRS_Community/toolchain/RISC-V Embedded GCC/bin/../lib/gcc/riscv-none-embed/8.2.0/../../../../riscv-none-embed/lib/rv32imac/ilp32/libg_nano.a(lib_a-reent.o)
                0x000000002000007c                errno
                0x0000000020000080                . = ALIGN (0x4)
                0x0000000020000080                PROVIDE (_ebss = .)
                [!provide]                        PROVIDE (_end = _ebss)
                0x0000000020000080                PROVIDE (end = .)

.DMADATA        0x0000000020020000     0x1000 load address 0x0000000000001b8c
                0x0000000020020000                . = ALIGN (0x10)
                0x0000000020020000                PROVIDE (_dmadata_start = .)
 *(.dmadata*)
 .dmadata       0x0000000020020000     0x1000 ./User/Main.o
                0x0000000020020000                dmabuf
 *(.dmadata.*)
                0x0000000020021000                . = ALIGN (0x10)
                0x0000000020021000                PROVIDE (_dmadata_end = .)

.stack          0x0000000020003800      0x800
                0x0000000020003800                . = ALIGN (0x4)
                [!provide]                        PROVIDE (_susrstack = .)
                0x0000000020004000                . = (. + __stack_size)
 *fill*         0x0000000020003800      0x800 
                0x0000000020004000                PROVIDE (_eusrstack = .)
OUTPUT(HSPILoopback.elf elf32-littleriscv)

.debug_info     0x0000000000000000     0x3067
 .debug_info    0x0000000000000000      0xf2c ./User/Main.o
 .debug_info    0x0000000000000f2c       0x22 ./Startup/startup_CH56x.o
 .debug_info    0x0000000000000f4e      0xa07 ./Peripheral/src/CH56x_clk.o
 .debug_info    0x0000000000001955      0xb3d ./Peripheral/src/CH56x_gpio.o
 .debug_info    0x0000000000002492      0xbd5 ./Peripheral/src/CH56x_sys.o

.debug_abbrev   0x0000000000000000      0xaa0
 .debug_abbrev  0x0000000000000000      0x348 ./User/Main.o
 .debug_abbrev  0x0000000000000348       0x12 ./Startup/startup_CH56x.o
 .debug_abbrev  0x000000000000035a      0x230 ./Peripheral/src/CH56x_clk.o
 .debug_abbrev  0x000000000000058a      0x27d ./Peripheral/src/CH56x_gpio.o
 .debug_abbrev  0x0000000000000807      0x299 ./Peripheral/src/CH56x_sys.o

.debug_loc      0x0000000000000000      0x58e
 .debug_loc     0x0000000000000000      0x106 ./User/Main.o
 .debug_loc     0x0000000000000106       0x5c ./Peripheral/src/CH56x_clk.o
 .debug_loc     0x0000000000000162      0x2bd ./Peripheral/src/CH56x_gpio.o
 .debug_loc     0x000000000000041f      0x16f ./Peripheral/src/CH56x_sys.o

.debug_aranges  0x0000000000000000      0x148
 .debug_aranges
                0x0000000000000000       0x40 ./User/Main.o
 .debug_aranges
                0x0000000000000040       0x38 ./Startup/startup_CH56x.o
 .debug_aranges
                0x0000000000000078       0x28 ./Peripheral/src/CH56x_clk.o
 .debug_aranges
                0x00000000000000a0       0x48 ./Peripheral/src/CH56x_gpio.o
 .debug_aranges
                0x00000000000000e8       0x60 ./Peripheral/src/CH56x_sys.o

.debug_ranges   0x0000000000000000      0x130
 .debug_ranges  0x0000000000000000       0x60 ./User/Main.o
 .debug_ranges  0x0000000000000060       0x30 ./Startup/startup_CH56x.o
 .debug_ranges  0x0000000000000090       0x18 ./Peripheral/src/CH56x_clk.o
 .debug_ranges  0x00000000000000a8       0x38 ./Peripheral/src/CH56x_gpio.o
 .debug_ranges  0x00000000000000e0       0x50 ./Peripheral/src/CH56x_sys.o

.debug_line     0x0000000000000000     0x282c
 .debug_line    0x0000000000000000      0x94d ./User/Main.o
 .debug_line    0x000000000000094d      0x251 ./Startup/startup_CH56x.o
 .debug_line    0x0000000000000b9e      0x4e7 ./Peripheral/src/CH56x_clk.o
 .debug_line    0x0000000000001085     0x106c ./Peripheral/src/CH56x_gpio.o
 .debug_line    0x00000000000020f1      0x73b ./Peripheral/src/CH56x_sys.o

.debug_str      0x0000000000000000      0xb45
 .debug_str     0x0000000000000000      0x87d ./User/Main.o
                                        0x8e8 (size before relaxing)
 .debug_str     0x000000000000087d       0x27 ./Startup/startup_CH56x.o
                                         0x53 (size before relaxing)
 .debug_str     0x00000000000008a4       0xbe ./Peripheral/src/CH56x_clk.o
                                        0x649 (size before relaxing)
 .debug_str     0x0000000000000962       0xee ./Peripheral/src/CH56x_gpio.o
                                        0x751 (size before relaxing)
 .debug_str     0x0000000000000a50       0xf5 ./Peripheral/src/CH56x_sys.o
                                        0x6b1 (size before relaxing)

.comment        0x0000000000000000       0x33
 .comment       0x0000000000000000       0x33 ./User/Main.o
                                         0x34 (size before relaxing)
 .comment       0x0000000000000033       0x34 ./Peripheral/src/CH56x_clk.o
 .comment       0x0000000000000033       0x34 ./Peripheral/src/CH56x_gpio.o
 .comment       0x0000000000000033       0x34 ./Peripheral/src/CH56x_sys.o

.debug_frame    0x0000000000000000      0xaf0
 .debug_frame   0x0000000000000000       0x7c ./User/Main.o
 .debug_frame   0x000000000000007c       0x30 ./Peripheral/src/CH56x_clk.o
 .debug_frame   0x00000000000000ac       0x70 ./Peripheral/src/CH56x_gpio.o
 .debug_frame   0x000000000000011c       0xa0 ./Peripheral/src/CH56x_sys.o
 .debug_frame   0x00000000000001bc       0x54 /opt/MounRiver_Studio_Community_Linux_x64_V120/MRS_Community/toolchain/RISC-V Embedded GCC/bin/../lib/gcc/riscv-none-embed/8.2.0/../../../../riscv-none-embed/lib/rv32imac/ilp32/libg_nano.a(lib_a-printf.o)
 .debug_frame   0x0000000000000210       0x54 /opt/MounRiver_Studio_Community_Linux_x64_V120/MRS_Community/toolchain/RISC-V Embedded GCC/bin/../lib/gcc/riscv-none-embed/8.2.0/../../../../riscv-none-embed/lib/rv32imac/ilp32/libg_nano.a(lib_a-puts.o)
 .debug_frame   0x0000000000000264       0x50 /opt/MounRiver_Studio_Community_Linux_x64_V120/MRS_Community/toolchain/RISC-V Embedded GCC/bin/../lib/gcc/riscv-none-embed/8.2.0/../../../../riscv-none-embed/lib/rv32imac/ilp32/libg_nano.a(lib_a-wbuf.o)
 .debug_frame   0x00000000000002b4       0x3c /opt/MounRiver_Studio_Community_Linux_x64_V120/MRS_Community/toolchain/RISC-V Embedded GCC/bin/../lib/gcc/riscv-none-embed/8.2.0/../../../../riscv-none-embed/lib/rv32imac/ilp32/libg_nano.a(lib_a-wsetup.o)
 .debug_frame   0x00000000000002f0       0x7c /opt/MounRiver_Studio_Community_Linux_x64_V120/MRS_Community/toolchain/RISC-V Embedded GCC/bin/../lib/gcc/riscv-none-embed/8.2.0/../../../../riscv-none-embed/lib/rv32imac/ilp32/libg_nano.a(lib_a-fflush.o)
 .debug_frame   0x000000000000036c      0x148 /opt/MounRiver_Studio_Community_Linux_x64_V120/MRS_Community/toolchain/RISC-V Embedded GCC/bin/../lib/gcc/riscv-none-embed/8.2.0/../../../../riscv-none-embed/lib/rv32imac/ilp32/libg_nano.a(lib_a-findfp.o)
 .debug_frame   0x00000000000004b4       0x88 /opt/MounRiver_Studio_Community_Linux_x64_V120/MRS_Community/toolchain/RISC-V Embedded GCC/bin/../lib/gcc/riscv-none-embed/8.2.0/../../../../riscv-none-embed/lib/rv32imac/ilp32/libg_nano.a(lib_a-fwalk.o)
 .debug_frame   0x000000000000053c       0x64 /opt/MounRiver_Studio_Community_Linux_x64_V120/MRS_Community/toolchain/RISC-V Embedded GCC/bin/../lib/gcc/riscv-none-embed/8.2.0/../../../../riscv-none-embed/lib/rv32imac/ilp32/libg_nano.a(lib_a-makebuf.o)
 .debug_frame   0x00000000000005a0       0x40 /opt/MounRiver_Studio_Community_Linux_x64_V120/MRS_Community/toolchain/RISC-V Embedded GCC/bin/../lib/gcc/riscv-none-embed/8.2.0/../../../../riscv-none-embed/lib/rv32imac/ilp32/libg_nano.a(lib_a-nano-freer.o)
 .debug_frame   0x00000000000005e0       0x40 /opt/MounRiver_Studio_Community_Linux_x64_V120/MRS_Community/toolchain/RISC-V Embedded GCC/bin/../lib/gcc/riscv-none-embed/8.2.0/../../../../riscv-none-embed/lib/rv32imac/ilp32/libg_nano.a(lib_a-nano-mallocr.o)
 .debug_frame   0x0000000000000620       0xd0 /opt/MounRiver_Studio_Community_Linux_x64_V120/MRS_Community/toolchain/RISC-V Embedded GCC/bin/../lib/gcc/riscv-none-embed/8.2.0/../../../../riscv-none-embed/lib/rv32imac/ilp32/libg_nano.a(lib_a-nano-vfprintf.o)
 .debug_frame   0x00000000000006f0       0x8c /opt/MounRiver_Studio_Community_Linux_x64_V120/MRS_Community/toolchain/RISC-V Embedded GCC/bin/../lib/gcc/riscv-none-embed/8.2.0/../../../../riscv-none-embed/lib/rv32imac/ilp32/libg_nano.a(lib_a-nano-vfprintf_i.o)
 .debug_frame   0x000000000000077c       0x30 /opt/MounRiver_Studio_Community_Linux_x64_V120/MRS_Community/toolchain/RISC-V Embedded GCC/bin/../lib/gcc/riscv-none-embed/8.2.0/../../../../riscv-none-embed/lib/rv32imac/ilp32/libg_nano.a(lib_a-sbrkr.o)
 .debug_frame   0x00000000000007ac       0xa4 /opt/MounRiver_Studio_Community_Linux_x64_V120/MRS_Community/toolchain/RISC-V Embedded GCC/bin/../lib/gcc/riscv-none-embed/8.2.0/../../../../riscv-none-embed/lib/rv32imac/ilp32/libg_nano.a(lib_a-stdio.o)
 .debug_frame   0x0000000000000850       0x30 /opt/MounRiver_Studio_Community_Linux_x64_V120/MRS_Community/toolchain/RISC-V Embedded GCC/bin/../lib/gcc/riscv-none-embed/8.2.0/../../../../riscv-none-embed/lib/rv32imac/ilp32/libg_nano.a(lib_a-writer.o)
 .debug_frame   0x0000000000000880       0x30 /opt/MounRiver_Studio_Community_Linux_x64_V120/MRS_Community/toolchain/RISC-V Embedded GCC/bin/../lib/gcc/riscv-none-embed/8.2.0/../../../../riscv-none-embed/lib/rv32imac/ilp32/libg_nano.a(lib_a-closer.o)
 .debug_frame   0x00000000000008b0       0x30 /opt/MounRiver_Studio_Community_Linux_x64_V120/MRS_Community/toolchain/RISC-V Embedded GCC/bin/../lib/gcc/riscv-none-embed/8.2.0/../../../../riscv-none-embed/lib/rv32imac/ilp32/libg_nano.a(lib_a-fstatr.o)
 .debug_frame   0x00000000000008e0       0x30 /opt/MounRiver_Studio_Community_Linux_x64_V120/MRS_Community/toolchain/RISC-V Embedded GCC/bin/../lib/gcc/riscv-none-embed/8.2.0/../../../../riscv-none-embed/lib/rv32imac/ilp32/libg_nano.a(lib_a-isattyr.o)
 .debug_frame   0x0000000000000910       0x30 /opt/MounRiver_Studio_Community_Linux_x64_V120/MRS_Community/toolchain/RISC-V Embedded GCC/bin/../lib/gcc/riscv-none-embed/8.2.0/../../../../riscv-none-embed/lib/rv32imac/ilp32/libg_nano.a(lib_a-lseekr.o)
 .debug_frame   0x0000000000000940       0x20 /opt/MounRiver_Studio_Community_Linux_x64_V120/MRS_Community/toolchain/RISC-V Embedded GCC/bin/../lib/gcc/riscv-none-embed/8.2.0/../../../../riscv-none-embed/lib/rv32imac/ilp32/libg_nano.a(lib_a-memchr.o)
 .debug_frame   0x0000000000000960       0x30 /opt/MounRiver_Studio_Community_Linux_x64_V120/MRS_Community/toolchain/RISC-V Embedded GCC/bin/../lib/gcc/riscv-none-embed/8.2.0/../../../../riscv-none-embed/lib/rv32imac/ilp32/libg_nano.a(lib_a-mlock.o)
 .debug_frame   0x0000000000000990       0x30 /opt/MounRiver_Studio_Community_Linux_x64_V120/MRS_Community/toolchain/RISC-V Embedded GCC/bin/../lib/gcc/riscv-none-embed/8.2.0/../../../../riscv-none-embed/lib/rv32imac/ilp32/libg_nano.a(lib_a-readr.o)
 .debug_frame   0x00000000000009c0       0x70 /opt/MounRiver_Studio_Community_Linux_x64_V120/MRS_Community/toolchain/RISC-V Embedded GCC/bin/../lib/gcc/riscv-none-embed/8.2.0/../../../../riscv-none-embed/lib/rv32imac/ilp32/libg_nano.a(lib_a-reent.o)
 .debug_frame   0x0000000000000a30       0x20 /opt/MounRiver_Studio_Community_Linux_x64_V120/MRS_Community/toolchain/RISC-V Embedded GCC/bin/../lib/gcc/riscv-none-embed/8.2.0/../../../../riscv-none-embed/lib/rv32imac/ilp32/libnosys.a(close.o)
 .debug_frame   0x0000000000000a50       0x20 /opt/MounRiver_Studio_Community_Linux_x64_V120/MRS_Community/toolchain/RISC-V Embedded GCC/bin/../lib/gcc/riscv-none-embed/8.2.0/../../../../riscv-none-embed/lib/rv32imac/ilp32/libnosys.a(fstat.o)
 .debug_frame   0x0000000000000a70       0x20 /opt/MounRiver_Studio_Community_Linux_x64_V120/MRS_Community/toolchain/RISC-V Embedded GCC/bin/../lib/gcc/riscv-none-embed/8.2.0/../../../../riscv-none-embed/lib/rv32imac/ilp32/libnosys.a(isatty.o)
 .debug_frame   0x0000000000000a90       0x20 /opt/MounRiver_Studio_Community_Linux_x64_V120/MRS_Community/toolchain/RISC-V Embedded GCC/bin/../lib/gcc/riscv-none-embed/8.2.0/../../../../riscv-none-embed/lib/rv32imac/ilp32/libnosys.a(lseek.o)
 .debug_frame   0x0000000000000ab0       0x20 /opt/MounRiver_Studio_Community_Linux_x64_V120/MRS_Community/toolchain/RISC-V Embedded GCC/bin/../lib/gcc/riscv-none-embed/8.2.0/../../../../riscv-none-embed/lib/rv32imac/ilp32/libnosys.a(read.o)
 .debug_frame   0x0000000000000ad0       0x20 /opt/MounRiver_Studio_Community_Linux_x64_V120/MRS_Community/toolchain/RISC-V Embedded GCC/bin/../lib/gcc/riscv-none-embed/8.2.0/../../../../riscv-none-embed/lib/rv32imac/ilp32/libnosys.a(sbrk.o)

.stab           0x0000000000000000       0x84
 .stab          0x0000000000000000       0x24 /opt/MounRiver_Studio_Community_Linux_x64_V120/MRS_Community/toolchain/RISC-V Embedded GCC/bin/../lib/gcc/riscv-none-embed/8.2.0/../../../../riscv-none-embed/lib/rv32imac/ilp32/libnosys.a(close.o)
 .stab          0x0000000000000024       0x18 /opt/MounRiver_Studio_Community_Linux_x64_V120/MRS_Community/toolchain/RISC-V Embedded GCC/bin/../lib/gcc/riscv-none-embed/8.2.0/../../../../riscv-none-embed/lib/rv32imac/ilp32/libnosys.a(fstat.o)
                                         0x24 (size before relaxing)
 .stab          0x000000000000003c       0x18 /opt/MounRiver_Studio_Community_Linux_x64_V120/MRS_Community/toolchain/RISC-V Embedded GCC/bin/../lib/gcc/riscv-none-embed/8.2.0/../../../../riscv-none-embed/lib/rv32imac/ilp32/libnosys.a(isatty.o)
                                         0x24 (size before relaxing)
 .stab          0x0000000000000054       0x18 /opt/MounRiver_Studio_Community_Linux_x64_V120/MRS_Community/toolchain/RISC-V Embedded GCC/bin/../lib/gcc/riscv-none-embed/8.2.0/../../../../riscv-none-embed/lib/rv32imac/ilp32/libnosys.a(lseek.o)
                                         0x24 (size before relaxing)
 .stab          0x000000000000006c       0x18 /opt/MounRiver_Studio_Community_Linux_x64_V120/MRS_Community/toolchain/RISC-V Embedded GCC/bin/../lib/gcc/riscv-none-embed/8.2.0/../../../../riscv-none-embed/lib/rv32imac/ilp32/libnosys.a(read.o)
                                         0x24 (size before relaxing)

.stabstr        0x0000000000000000      0x117
 .stabstr       0x0000000000000000      0x117 /opt/MounRiver_Studio_Community_Linux_x64_V120/MRS_Community/toolchain/RISC-V Embedded GCC/bin/../lib/gcc/riscv-none-embed/8.2.0/../../../../riscv-none-embed/lib/rv32imac/ilp32/libnosys.a(close.o)
